// Jest Snapshot v1, https://goo.gl/fbAQLP

exports[`CharCard renders correctly 1`] = `
<div>
  <div
    className="card"
    style={
      Object {
        "backgroundImage": "url(undefined)",
      }
    }
  />
</div>
`;
